// Jest Snapshot v1, https://goo.gl/fbAQLP

exports[`bold 1`] = `
<article>
  <section
    style="position: relative; width: 612.00pt; padding: 72.00pt 90.00pt 72.00pt 90.00pt;"
  >
    <p
      class="docx-viewer-0-p docx-viewer-0-Normal docx-viewer-0-Heading1"
    >
      <a
        id="_Toc535930148"
        name="_Toc535930148"
      />
      <a
        id="_Toc121782745"
        name="_Toc121782745"
      />
      <span
        class="docx-viewer-0-r"
      >
        立项
      </span>
      <span
        class="docx-viewer-0-r"
      >
        依据
      </span>
    </p>
    <p
      class="docx-viewer-0-p docx-viewer-0-Normal docx-viewer-0-Heading2"
    >
      <a
        id="_Toc535930149"
        name="_Toc535930149"
      />
      <a
        id="_Toc121782746"
        name="_Toc121782746"
      />
      <span
        class="docx-viewer-0-r"
      >
        项目背景
      </span>
    </p>
  </section>
</article>
`;
