// Jest Snapshot v1, https://goo.gl/fbAQLP

exports[`br 1`] = `
<article>
  <section
    style="position: relative; width: 612.00pt; padding: 72.00pt 72.00pt 72.00pt 72.00pt;"
  >
    <p
      class="docx-viewer-0-p"
      style="margin-top: 5.00pt; margin-bottom: 5.00pt; text-align: left;"
    >
      <span
        class="docx-viewer-0-r"
        style="font-family: SimSun; font-size: 12.00pt;"
      >
        换行
      </span>
      <span
        class="docx-viewer-0-r"
        style="font-family: SimSun; font-size: 12.00pt;"
      >
        <br />
        <span>
          工具 
        </span>
      </span>
    </p>
  </section>
</article>
`;
