// Jest Snapshot v1, https://goo.gl/fbAQLP

exports[`drop-cap 1`] = `
<article>
  <section
    style="position: relative; width: 612.00pt; padding: 72.00pt 72.00pt 72.00pt 72.00pt;"
  >
    <p
      class="docx-viewer-0-p"
      style="float: left; margin-top: 0.70pt; min-height: 44.7pt; line-height: 44.7pt; vertical-align: baseline;"
    >
      <span
        class="docx-viewer-0-r"
        style="font-family: var(--docx-theme-font-minorEastAsia); vertical-align: 2.50pt; font-size: 39.50pt;"
      >
        首
      </span>
    </p>
    <p
      class="docx-viewer-0-p"
    >
      <span
        class="docx-viewer-0-r"
      >
        字下沉
      </span>
    </p>
  </section>
</article>
`;
