// Jest Snapshot v1, https://goo.gl/fbAQLP

exports[`em 1`] = `
<article>
  <section
    style="position: relative; width: 612.00pt; padding: 72.00pt 72.00pt 72.00pt 72.00pt;"
  >
    <p
      class="docx-viewer-0-p"
    >
      <span
        class="docx-viewer-0-r"
        style="font-family: SimSun; font-size: 12.00pt; text-emphasis: filled; text-emphasis-position: under right;"
      >
        一边
      </span>
      <span
        class="docx-viewer-0-r"
        style="font-family: SimSun; font-size: 12.00pt;"
      >
        欣
      </span>
      <span
        class="docx-viewer-0-r"
        style="font-family: SimSun; font-size: 12.00pt; text-emphasis: filled sesame;"
      >
        一边
      </span>
      <span
        class="docx-viewer-0-r"
        style="font-family: SimSun; font-size: 12.00pt;"
      >
        欣
      </span>
      <span
        class="docx-viewer-0-r"
        style="font-family: SimSun; font-size: 12.00pt; text-emphasis: open;"
      >
        一边
      </span>
      <span
        class="docx-viewer-0-r"
        style="font-family: SimSun; font-size: 12.00pt;"
      >
        欣
      </span>
      <span
        class="docx-viewer-0-r"
        style="font-family: SimSun; font-size: 12.00pt; text-emphasis: filled; text-emphasis-position: under right;"
      >
        一边
      </span>
      <span
        class="docx-viewer-0-r"
        style="font-family: SimSun; font-size: 12.00pt;"
      >
        欣
      </span>
    </p>
  </section>
</article>
`;
