// Jest Snapshot v1, https://goo.gl/fbAQLP

exports[`highlight 1`] = `
<article>
  <section
    style="position: relative; width: 612.00pt; padding: 72.00pt 72.00pt 72.00pt 72.00pt;"
  >
    <p
      class="docx-viewer-0-p"
    >
      <span
        class="docx-viewer-0-r"
        style="font-family: Georgia, SimSun; font-weight: bold; color: rgb(0, 0, 0); font-size: 14.00pt; background-color: yellow;"
      >
        聚
      </span>
    </p>
    <p
      class="docx-viewer-0-p"
    >
      <span
        class="docx-viewer-0-r"
        style="font-family: Georgia, SimSun; font-weight: bold; color: rgb(0, 0, 0); font-size: 14.00pt; background-color: rgb(0, 0, 139);"
      >
        聚
      </span>
    </p>
    <p
      class="docx-viewer-0-p"
    >
      <span
        class="docx-viewer-0-r"
        style="font-family: Georgia, SimSun; font-weight: bold; color: rgb(0, 0, 0); font-size: 14.00pt; background-color: rgb(0, 139, 139);"
      >
        聚
      </span>
    </p>
    <p
      class="docx-viewer-0-p"
    >
      <span
        class="docx-viewer-0-r"
        style="font-family: Georgia, SimSun; font-weight: bold; color: rgb(0, 0, 0); font-size: 14.00pt; background-color: rgb(169, 169, 169);"
      >
        聚
      </span>
    </p>
    <p
      class="docx-viewer-0-p"
    >
      <span
        class="docx-viewer-0-r"
        style="font-family: Georgia, SimSun; font-weight: bold; color: rgb(0, 0, 0); font-size: 14.00pt; background-color: rgb(0, 100, 0);"
      >
        聚
      </span>
    </p>
    <p
      class="docx-viewer-0-p"
    >
      <span
        class="docx-viewer-0-r"
        style="font-family: Georgia, SimSun; font-weight: bold; color: rgb(0, 0, 0); font-size: 14.00pt; background-color: rgb(128, 0, 128);"
      >
        聚
      </span>
    </p>
    <p
      class="docx-viewer-0-p"
    >
      <span
        class="docx-viewer-0-r"
        style="font-family: Georgia, SimSun; font-weight: bold; color: rgb(0, 0, 0); font-size: 14.00pt; background-color: rgb(139, 0, 0);"
      >
        聚
      </span>
    </p>
    <p
      class="docx-viewer-0-p"
    >
      <span
        class="docx-viewer-0-r"
        style="font-family: Georgia, SimSun; font-weight: bold; color: rgb(0, 0, 0); font-size: 14.00pt; background-color: rgb(128, 128, 0);"
      >
        聚
      </span>
    </p>
    <p
      class="docx-viewer-0-p"
    >
      <span
        class="docx-viewer-0-r"
        style="font-family: Georgia, SimSun; font-weight: bold; color: rgb(0, 0, 0); font-size: 14.00pt; background-color: rgb(211, 211, 211);"
      >
        聚
      </span>
    </p>
  </section>
</article>
`;
