// Jest Snapshot v1, https://goo.gl/fbAQLP

exports[`image 1`] = `
<article>
  <section
    style="position: relative; width: 612.00pt; padding: 72.00pt 72.00pt 72.00pt 72.00pt;"
  >
    <p
      class="docx-viewer-0-p"
    >
      <span
        class="docx-viewer-0-r"
      >
        <div
          style="display: inline-block; width: 142.00pt; height: 44.00pt;"
        >
          <img
            src="blob:http://localhost/mock"
            style="position: relative; left: 0.00pt; top: 0.00pt; width: 142.00pt; height: 44.00pt; transform: rotate(49.310066666666664deg);"
          />
        </div>
      </span>
    </p>
  </section>
</article>
`;
