// Jest Snapshot v1, https://goo.gl/fbAQLP

exports[`link 1`] = `
<article>
  <section
    style="position: relative; width: 612.00pt; padding: 72.00pt 72.00pt 72.00pt 72.00pt;"
  >
    <p
      class="docx-viewer-0-p"
    >
      <a
        href="https://github.com/baidu/amis"
        target="_blank"
      >
        <span
          class="docx-viewer-0-r docx-viewer-0-DefaultParagraphFont docx-viewer-0-Hyperlink"
          style="color: rgb(5, 99, 193); text-decoration: underline;"
        >
          a
        </span>
        <span
          class="docx-viewer-0-r docx-viewer-0-DefaultParagraphFont docx-viewer-0-Hyperlink"
          style="color: rgb(5, 99, 193); text-decoration: underline;"
        >
          mis
        </span>
      </a>
    </p>
  </section>
</article>
`;
