// Jest Snapshot v1, https://goo.gl/fbAQLP

exports[`list 1`] = `
<article>
  <section
    style="position: relative; width: 612.00pt; padding: 72.00pt 72.00pt 72.00pt 72.00pt;"
  >
    <p
      class="docx-viewer-0-p docx-viewer-0-Normal docx-viewer-0-Heading1"
      style="text-indent: -21.25pt; margin-left: 21.25pt;"
    >
      <span>
         
      </span>
      <span
        class="docx-viewer-0-r"
        style="font-family: "Microsoft YaHei";"
      >
        总体结论
      </span>
    </p>
    <p
      class="docx-viewer-0-p docx-viewer-0-Normal docx-viewer-0-Heading2"
      style="text-indent: -28.35pt; margin-left: 49.60pt;"
    >
      <span>
         
      </span>
      <span
        class="docx-viewer-0-r"
        style="font-family: "Microsoft YaHei";"
      >
        整体情况
      </span>
    </p>
    <p
      class="docx-viewer-0-p docx-viewer-0-Normal docx-viewer-0-Heading2"
      style="text-indent: -28.35pt; margin-left: 49.60pt;"
    >
      <span>
         
      </span>
      <span
        class="docx-viewer-0-r"
        style="font-family: "Microsoft YaHei";"
      >
        差异对比
      </span>
    </p>
    <p
      class="docx-viewer-0-p docx-viewer-0-Normal docx-viewer-0-Heading1"
      style="text-indent: -21.25pt; margin-left: 21.25pt;"
    >
      <span>
         
      </span>
      <span
        class="docx-viewer-0-r"
        style="font-family: "Microsoft YaHei";"
      >
        Doc
      </span>
    </p>
    <p
      class="docx-viewer-0-p docx-viewer-0-Normal docx-viewer-0-Heading2"
      style="text-indent: -28.35pt; margin-left: 49.60pt;"
    >
      <span>
         
      </span>
      <span
        class="docx-viewer-0-r"
        style="font-family: "Microsoft YaHei";"
      >
        总体结论
      </span>
    </p>
    <p
      class="docx-viewer-0-p docx-viewer-0-Normal docx-viewer-0-Heading2"
      style="text-indent: -28.35pt; margin-left: 49.60pt;"
    >
      <span>
         
      </span>
      <span
        class="docx-viewer-0-r"
        style="font-family: "Microsoft YaHei";"
      >
        Doc文档
      </span>
    </p>
    <p
      class="docx-viewer-0-p"
    >
       
    </p>
  </section>
</article>
`;
