// Jest Snapshot v1, https://goo.gl/fbAQLP

exports[`noBreakHyphen 1`] = `
<article>
  <section
    style="position: relative; width: 612.00pt; padding: 72.00pt 72.00pt 72.00pt 72.00pt;"
  >
    <p
      class="docx-viewer-0-p"
    >
      <span
        class="docx-viewer-0-r"
      >
        Number of the form “999
      </span>
      <span
        class="docx-viewer-0-r"
      >
        <span>
          –
        </span>
        <span>
          99
        </span>
      </span>
      <span
        class="docx-viewer-0-r"
      >
        <span>
          –
        </span>
        <span>
          9999”, where
        </span>
      </span>
    </p>
  </section>
</article>
`;
