// Jest Snapshot v1, https://goo.gl/fbAQLP

exports[`pinyin 1`] = `
<article>
  <section
    style="position: relative; width: 612.00pt; padding: 72.00pt 72.00pt 72.00pt 72.00pt;"
  >
    <p
      class="docx-viewer-0-p"
    >
      <span
        class="docx-viewer-0-r"
      >
        <ruby>
          <span
            class="docx-viewer-0-r"
          >
            拼
          </span>
          <rp />
          <rt>
            <span
              class="docx-viewer-0-r"
              style="font-family: DengXian; font-size: 5.00pt;"
            >
              pīn
            </span>
          </rt>
          <rp />
        </ruby>
      </span>
      <span
        class="docx-viewer-0-r"
      >
        <ruby>
          <span
            class="docx-viewer-0-r"
          >
            音
          </span>
          <rp />
          <rt>
            <span
              class="docx-viewer-0-r"
              style="font-family: DengXian; font-size: 5.00pt;"
            >
              yīn
            </span>
          </rt>
          <rp />
        </ruby>
      </span>
    </p>
  </section>
</article>
`;
