// Jest Snapshot v1, https://goo.gl/fbAQLP

exports[`sdt 1`] = `
<article>
  <section
    style="position: relative; width: 612.00pt; padding: 72.00pt 72.00pt 72.00pt 72.00pt;"
  >
    <p
      class="docx-viewer-0-p"
    >
      <span
        class="docx-viewer-0-r"
      >
        start 
      </span>
      <span
        class="docx-viewer-0-r"
      />
      <span
        class="docx-viewer-0-r"
      >
        <span />
      </span>
      <span
        class="docx-viewer-0-r"
      />
      <span
        class="docx-viewer-0-r"
      >
        (sdt)
      </span>
      <span
        class="docx-viewer-0-r"
      />
      <span
        class="docx-viewer-0-r"
      />
      <span
        class="docx-viewer-0-r"
      >
        <span />
      </span>
      <span
        class="docx-viewer-0-r"
      />
      <span
        class="docx-viewer-0-r"
      >
        (embed sdt)
      </span>
      <span
        class="docx-viewer-0-r"
      />
      <span
        class="docx-viewer-0-r"
      />
      <span
        class="docx-viewer-0-r"
      >
        <span />
      </span>
      <span
        class="docx-viewer-0-r"
      />
      <span
        class="docx-viewer-0-r"
      >
        (Blank 2010, T. Bogich 2014)
      </span>
      <span
        class="docx-viewer-0-r"
      />
      <span
        class="docx-viewer-0-r"
      >
        . 
      </span>
      <span
        class="docx-viewer-0-r"
      >
         end
      </span>
    </p>
  </section>
</article>
`;
