// Jest Snapshot v1, https://goo.gl/fbAQLP

exports[`tablestyle 1`] = `
<article>
  <section
    style="position: relative; width: 612.00pt; padding: 72.00pt 72.00pt 72.00pt 72.00pt;"
  >
    <table
      class="enable-firstRow enable-firstColumn enable-hBand docx-viewer-0-TableNormal docx-viewer-0-GridTable5Dark-Accent5 docx-classname-0"
      style="width: auto;"
    >
      <tbody>
        <tr>
          <td
            class="nwCell firstRow firstCol band2Horz band2Vert"
            style="width: 116.85pt;"
          >
            <p
              class="docx-viewer-0-p"
            >
               
            </p>
          </td>
          <td
            class="firstRow band2Horz band1Vert"
            style="width: 116.85pt;"
          >
            <p
              class="docx-viewer-0-p"
            >
               
            </p>
          </td>
          <td
            class="firstRow band2Horz band2Vert"
            style="width: 116.90pt;"
          >
            <p
              class="docx-viewer-0-p"
            >
               
            </p>
          </td>
          <td
            class="neCell firstRow lastCol band2Horz band1Vert"
            style="width: 116.90pt;"
          >
            <p
              class="docx-viewer-0-p"
            >
               
            </p>
          </td>
        </tr>
        <tr>
          <td
            class="firstCol band1Horz band2Vert"
            style="width: 116.85pt;"
          >
            <p
              class="docx-viewer-0-p"
            >
               
            </p>
          </td>
          <td
            class="band1Horz band1Vert"
            style="width: 116.85pt;"
          >
            <p
              class="docx-viewer-0-p"
            >
               
            </p>
          </td>
          <td
            class="band1Horz band2Vert"
            style="width: 116.90pt;"
          >
            <p
              class="docx-viewer-0-p"
            >
               
            </p>
          </td>
          <td
            class="lastCol band1Horz band1Vert"
            style="width: 116.90pt;"
          >
            <p
              class="docx-viewer-0-p"
            >
               
            </p>
          </td>
        </tr>
        <tr>
          <td
            class="firstCol band2Horz band2Vert"
            style="width: 116.85pt;"
          >
            <p
              class="docx-viewer-0-p"
            >
               
            </p>
          </td>
          <td
            class="band2Horz band1Vert"
            style="width: 116.85pt;"
          >
            <p
              class="docx-viewer-0-p"
            >
               
            </p>
          </td>
          <td
            class="band2Horz band2Vert"
            style="width: 116.90pt;"
          >
            <table
              class="enable-firstRow enable-firstColumn enable-hBand docx-viewer-0-TableNormal docx-viewer-0-GridTable4-Accent6 docx-classname-1"
              style="width: auto;"
            >
              <tbody>
                <tr>
                  <td
                    class="nwCell firstRow firstCol band2Horz band2Vert"
                    style="width: 35.20pt;"
                  >
                    <p
                      class="docx-viewer-0-p"
                    >
                       
                    </p>
                  </td>
                  <td
                    class="firstRow band2Horz band1Vert"
                    style="width: 35.20pt;"
                  >
                    <p
                      class="docx-viewer-0-p"
                    >
                       
                    </p>
                  </td>
                  <td
                    class="neCell firstRow lastCol band2Horz band2Vert"
                    style="width: 35.20pt;"
                  >
                    <p
                      class="docx-viewer-0-p"
                    >
                       
                    </p>
                  </td>
                </tr>
                <tr>
                  <td
                    class="firstCol band1Horz band2Vert"
                    style="width: 35.20pt;"
                  >
                    <p
                      class="docx-viewer-0-p"
                    >
                       
                    </p>
                  </td>
                  <td
                    class="band1Horz band1Vert"
                    style="width: 35.20pt;"
                  >
                    <p
                      class="docx-viewer-0-p"
                    >
                       
                    </p>
                  </td>
                  <td
                    class="lastCol band1Horz band2Vert"
                    style="width: 35.20pt;"
                  >
                    <p
                      class="docx-viewer-0-p"
                    >
                       
                    </p>
                  </td>
                </tr>
                <tr>
                  <td
                    class="swCell lastRow firstCol band2Horz band2Vert"
                    style="width: 35.20pt;"
                  >
                    <p
                      class="docx-viewer-0-p"
                    >
                       
                    </p>
                  </td>
                  <td
                    class="lastRow band2Horz band1Vert"
                    style="width: 35.20pt;"
                  >
                    <p
                      class="docx-viewer-0-p"
                    >
                       
                    </p>
                  </td>
                  <td
                    class="seCell lastRow lastCol band2Horz band2Vert"
                    style="width: 35.20pt;"
                  >
                    <p
                      class="docx-viewer-0-p"
                    >
                       
                    </p>
                  </td>
                </tr>
              </tbody>
            </table>
            <p
              class="docx-viewer-0-p"
            />
          </td>
          <td
            class="lastCol band2Horz band1Vert"
            style="width: 116.90pt;"
          >
            <p
              class="docx-viewer-0-p"
            >
               
            </p>
          </td>
        </tr>
        <tr>
          <td
            class="swCell lastRow firstCol band1Horz band2Vert"
            style="width: 116.85pt;"
          >
            <p
              class="docx-viewer-0-p"
            >
               
            </p>
          </td>
          <td
            class="lastRow band1Horz band1Vert"
            style="width: 116.85pt;"
          >
            <p
              class="docx-viewer-0-p"
            >
               
            </p>
          </td>
          <td
            class="lastRow band1Horz band2Vert"
            style="width: 116.90pt;"
          >
            <p
              class="docx-viewer-0-p"
            >
               
            </p>
          </td>
          <td
            class="seCell lastRow lastCol band1Horz band1Vert"
            style="width: 116.90pt;"
          >
            <p
              class="docx-viewer-0-p"
            >
               
            </p>
          </td>
        </tr>
      </tbody>
    </table>
    <p
      class="docx-viewer-0-p"
    >
       
    </p>
    <table
      class="enable-firstRow enable-firstColumn enable-hBand enable-vBand docx-viewer-0-TableNormal docx-viewer-0-PlainTable3 docx-classname-2"
      style="width: auto;"
    >
      <tbody>
        <tr>
          <td
            class="nwCell firstRow firstCol band2Horz band2Vert"
            style="width: 93.50pt;"
          >
            <p
              class="docx-viewer-0-p"
            >
               
            </p>
          </td>
          <td
            class="firstRow band2Horz band1Vert"
            style="width: 93.50pt;"
          >
            <p
              class="docx-viewer-0-p"
            >
               
            </p>
          </td>
          <td
            class="firstRow band2Horz band2Vert"
            style="width: 93.50pt;"
          >
            <p
              class="docx-viewer-0-p"
            >
               
            </p>
          </td>
          <td
            class="firstRow band2Horz band1Vert"
            style="width: 93.50pt;"
          >
            <p
              class="docx-viewer-0-p"
            >
               
            </p>
          </td>
          <td
            class="neCell firstRow lastCol band2Horz band2Vert"
            style="width: 93.50pt;"
          >
            <p
              class="docx-viewer-0-p"
            >
               
            </p>
          </td>
        </tr>
        <tr>
          <td
            class="firstCol band1Horz band2Vert"
            style="width: 93.50pt;"
          >
            <p
              class="docx-viewer-0-p"
            >
               
            </p>
          </td>
          <td
            class="band1Horz band1Vert"
            style="width: 93.50pt;"
          >
            <p
              class="docx-viewer-0-p"
            >
               
            </p>
          </td>
          <td
            class="band1Horz band2Vert"
            style="width: 93.50pt;"
          >
            <p
              class="docx-viewer-0-p"
            >
               
            </p>
          </td>
          <td
            class="band1Horz band1Vert"
            style="width: 93.50pt;"
          >
            <p
              class="docx-viewer-0-p"
            >
               
            </p>
          </td>
          <td
            class="lastCol band1Horz band2Vert"
            style="width: 93.50pt;"
          >
            <p
              class="docx-viewer-0-p"
            >
               
            </p>
          </td>
        </tr>
        <tr>
          <td
            class="swCell lastRow firstCol band2Horz band2Vert"
            style="width: 93.50pt;"
          >
            <p
              class="docx-viewer-0-p"
            >
               
            </p>
          </td>
          <td
            class="lastRow band2Horz band1Vert"
            style="width: 93.50pt;"
          >
            <p
              class="docx-viewer-0-p"
            >
               
            </p>
          </td>
          <td
            class="lastRow band2Horz band2Vert"
            style="width: 93.50pt; background-color: rgb(201, 201, 201);"
          >
            <p
              class="docx-viewer-0-p"
            >
               
            </p>
          </td>
          <td
            class="lastRow band2Horz band1Vert"
            style="width: 93.50pt;"
          >
            <p
              class="docx-viewer-0-p"
            >
               
            </p>
          </td>
          <td
            class="seCell lastRow lastCol band2Horz band2Vert"
            style="width: 93.50pt;"
          >
            <p
              class="docx-viewer-0-p"
            >
               
            </p>
          </td>
        </tr>
      </tbody>
    </table>
    <p
      class="docx-viewer-0-p"
    >
       
    </p>
    <table
      class="enable-firstRow enable-firstColumn enable-hBand docx-viewer-0-TableNormal docx-viewer-0-GridTable6Colorful-Accent2 docx-classname-3"
      style="width: auto;"
    >
      <tbody>
        <tr>
          <td
            class="nwCell firstRow firstCol band2Horz band2Vert"
            style="width: 155.80pt;"
          >
            <p
              class="docx-viewer-0-p"
            >
               
            </p>
          </td>
          <td
            class="firstRow band2Horz band1Vert"
            style="width: 155.85pt;"
          >
            <p
              class="docx-viewer-0-p"
            >
               
            </p>
          </td>
          <td
            class="neCell firstRow lastCol band2Horz band2Vert"
            style="width: 155.85pt;"
          >
            <p
              class="docx-viewer-0-p"
            >
               
            </p>
          </td>
        </tr>
        <tr>
          <td
            class="firstCol band1Horz band2Vert"
            style="width: 155.80pt;"
          >
            <p
              class="docx-viewer-0-p"
            >
               
            </p>
          </td>
          <td
            class="band1Horz band1Vert"
            style="width: 155.85pt;"
          >
            <p
              class="docx-viewer-0-p"
            >
               
            </p>
          </td>
          <td
            class="lastCol band1Horz band2Vert"
            style="width: 155.85pt;"
          >
            <p
              class="docx-viewer-0-p"
            >
               
            </p>
          </td>
        </tr>
        <tr>
          <td
            class="swCell lastRow firstCol band2Horz band2Vert"
            style="width: 155.80pt;"
          >
            <p
              class="docx-viewer-0-p"
            >
               
            </p>
          </td>
          <td
            class="lastRow band2Horz band1Vert"
            style="width: 155.85pt;"
          >
            <p
              class="docx-viewer-0-p"
            >
               
            </p>
          </td>
          <td
            class="seCell lastRow lastCol band2Horz band2Vert"
            style="width: 155.85pt;"
          >
            <p
              class="docx-viewer-0-p"
            >
               
            </p>
          </td>
        </tr>
      </tbody>
    </table>
    <p
      class="docx-viewer-0-p"
    >
       
    </p>
    <p
      class="docx-viewer-0-p"
    >
       
    </p>
  </section>
</article>
`;
