// Jest Snapshot v1, https://goo.gl/fbAQLP

exports[`tableborder 1`] = `
<article>
  <section
    style="position: relative; width: 612.00pt; padding: 72.00pt 72.00pt 72.00pt 72.00pt;"
  >
    <table
      class="enable-hBand enable-vBand docx-classname-0"
      style="width: 454.50pt; margin-left: -8.10pt; border-top: 0.50pt solid black; border-left: 0.50pt solid black; border-bottom: 0.50pt solid black; border-right: 0.50pt solid black; table-layout: fixed;"
    >
      <tbody>
        <tr>
          <td
            class="nwCell firstRow firstCol band2Horz band2Vert"
            style="width: 31.50pt; background-color: rgba(0, 0, 0, 0.15);"
          >
            <p
              class="docx-viewer-0-p"
            >
              <span
                class="docx-viewer-0-r"
                style="font-family: SimHei; font-weight: bold; font-size: 10.00pt;"
              >
                版本
              </span>
            </p>
          </td>
          <td
            class="firstRow band2Horz band1Vert"
            style="width: 292.50pt; background-color: rgba(0, 0, 0, 0.15);"
          >
            <p
              class="docx-viewer-0-p"
            >
              <span
                class="docx-viewer-0-r"
                style="font-family: SimHei; font-weight: bold; font-size: 10.00pt;"
              >
                注释
              </span>
            </p>
          </td>
          <td
            class="firstRow band2Horz band2Vert"
            style="width: 67.50pt; background-color: rgba(0, 0, 0, 0.15);"
          >
            <p
              class="docx-viewer-0-p"
            >
              <span
                class="docx-viewer-0-r"
                style="font-family: SimHei; font-weight: bold;"
              >
                作者
              </span>
            </p>
          </td>
          <td
            class="neCell firstRow lastCol band2Horz band1Vert"
            style="width: 63.00pt; background-color: rgba(0, 0, 0, 0.15);"
          >
            <p
              class="docx-viewer-0-p"
            >
              <span
                class="docx-viewer-0-r"
                style="font-family: SimHei; font-weight: bold;"
              >
                时间
              </span>
            </p>
          </td>
        </tr>
        <tr>
          <td
            class="swCell lastRow firstCol band1Horz band2Vert"
            style="width: 31.50pt;"
          >
            <p
              class="docx-viewer-0-p"
            >
               
            </p>
          </td>
          <td
            class="lastRow band1Horz band1Vert"
            style="width: 292.50pt;"
          >
            <p
              class="docx-viewer-0-p"
            >
              <span
                class="docx-viewer-0-r"
                style="font-family: SimHei; font-size: 10.00pt;"
              >
                ERP系统架构设计方案
              </span>
              <span
                class="docx-viewer-0-r"
                style="font-family: SimHei; font-size: 10.00pt;"
              >
                初稿
              </span>
            </p>
          </td>
          <td
            class="lastRow band1Horz band2Vert"
            style="width: 67.50pt;"
          >
            <p
              class="docx-viewer-0-p"
            >
              <span
                class="docx-viewer-0-r"
                style="font-family: SimHei; font-size: 10.00pt;"
              >
                nwind
              </span>
            </p>
          </td>
          <td
            class="seCell lastRow lastCol band1Horz band1Vert"
            style="width: 63.00pt;"
          >
            <p
              class="docx-viewer-0-p"
            >
              <span
                class="docx-viewer-0-r"
                style="font-family: SimHei; font-size: 10.00pt;"
              >
                201
              </span>
              <span
                class="docx-viewer-0-r"
                style="font-family: SimHei; font-size: 10.00pt;"
              >
                9
              </span>
              <span
                class="docx-viewer-0-r"
                style="font-family: SimHei; font-size: 10.00pt;"
              >
                -
              </span>
              <span
                class="docx-viewer-0-r"
                style="font-family: SimHei; font-size: 10.00pt;"
              >
                05
              </span>
              <span
                class="docx-viewer-0-r"
                style="font-family: SimHei; font-size: 10.00pt;"
              >
                -
              </span>
              <span
                class="docx-viewer-0-r"
                style="font-family: SimHei; font-size: 10.00pt;"
              >
                28
              </span>
            </p>
          </td>
        </tr>
      </tbody>
    </table>
    <p
      class="docx-viewer-0-p"
    >
       
    </p>
    <p
      class="docx-viewer-0-p"
      style="text-align: center;"
    >
       
    </p>
    <p
      class="docx-viewer-0-p"
    >
       
    </p>
  </section>
</article>
`;
