// Jest Snapshot v1, https://goo.gl/fbAQLP

exports[`textbox-behindDoc 1`] = `
<article>
  <section
    style="position: relative; width: 612.00pt; padding: 72.00pt 72.00pt 72.00pt 72.00pt;"
  >
    <p
      class="docx-viewer-0-p"
    >
      <span
        class="docx-viewer-0-r"
      >
        <div
          style="z-index: 251659264; position: absolute; left: 108.00pt; top: 58.35pt; width: 92.09pt; height: 40.19pt;"
        >
          <svg
            height="40.19pt"
            style="overflow: visible; position: absolute; z-index: -1"
            width="92.09pt"
          >
            <path
              d="M 0 0 L 92.09 0 L 92.09 40.19 L 0 40.19 Z"
              fill="#FFFFFF"
              stroke="black"
              stroke-width="0.50pt"
            />
          </svg>
          <p
            class="docx-viewer-0-p"
          >
            <span
              class="docx-viewer-0-r"
            >
              t
            </span>
            <span
              class="docx-viewer-0-r"
            >
              ext
            </span>
          </p>
        </div>
      </span>
      <span
        class="docx-viewer-0-r"
      >
        <div
          style="z-index: 251658239; position: absolute; left: 92.09pt; top: 48.31pt; width: 123.07pt; height: 63.63pt;"
        >
          <svg
            height="63.63pt"
            style="overflow: visible; position: absolute; z-index: -1"
            width="123.07pt"
          >
            <path
              d="M 0 0 L 123.07 0 L 123.07 63.63 L 0 63.63 Z"
              fill="#70AD47"
            />
          </svg>
          <p
            class="docx-viewer-0-p"
          >
            Â 
          </p>
        </div>
      </span>
    </p>
  </section>
</article>
`;
