// Jest Snapshot v1, https://goo.gl/fbAQLP

exports[`text 1`] = `
<article>
  <section
    style="position: relative; width: 612.00pt; padding: 72.00pt 72.00pt 72.00pt 72.00pt;"
  >
    <p
      class="docx-viewer-0-p"
    >
      <span
        class="docx-viewer-0-r"
      >
        <div
          style="z-index: 251671552; position: absolute; left: 7.53pt; top: 329.61pt; width: 174.98pt; height: 118.85pt;"
        >
          <svg
            height="118.85pt"
            style="overflow: visible; position: absolute; z-index: -1"
            width="174.98pt"
          >
            <path
              d="M 0 0 L 174.98 0 L 174.98 118.85 L 0 118.85 Z"
              fill="#172948"
            />
          </svg>
          <p
            class="docx-viewer-0-p"
            style="text-align: center;"
          >
            <span
              class="docx-viewer-0-r"
              style="font-family: "思源宋体 CN"; color: rgb(47, 84, 150); font-size: 14.00pt;"
            >
              合格证
            </span>
            <span
              class="docx-viewer-0-r"
              style="font-family: "思源宋体 CN"; color: rgb(47, 84, 150); font-size: 14.00pt;"
            >
              a
            </span>
            <span
              class="docx-viewer-0-r"
              style="font-family: "思源宋体 CN"; color: rgb(47, 84, 150); font-size: 14.00pt;"
            >
              270
            </span>
          </p>
        </div>
      </span>
      <span
        class="docx-viewer-0-r"
      >
        <div
          style="z-index: 251669504; position: absolute; left: 209.30pt; top: 187.28pt; width: 146.50pt; height: 142.33pt; writing-mode: vertical-rl; text-orientation: mixed;"
        >
          <svg
            height="142.33pt"
            style="overflow: visible; position: absolute; z-index: -1"
            width="146.5pt"
          >
            <path
              d="M 0 0 L 146.5 0 L 146.5 142.33 L 0 142.33 Z"
              fill="#172948"
            />
          </svg>
          <p
            class="docx-viewer-0-p"
            style="text-align: center;"
          >
            <span
              class="docx-viewer-0-r"
              style="font-family: "思源宋体 CN"; color: rgb(47, 84, 150); font-size: 14.00pt;"
            >
              合格证
            </span>
            <span
              class="docx-viewer-0-r"
              style="font-family: "思源宋体 CN"; color: rgb(47, 84, 150); font-size: 14.00pt;"
            >
              2
            </span>
            <span
              class="docx-viewer-0-r"
              style="font-family: "思源宋体 CN"; color: rgb(47, 84, 150); font-size: 14.00pt;"
            >
              70
            </span>
          </p>
        </div>
      </span>
      <span
        class="docx-viewer-0-r"
      >
        <div
          style="z-index: 251667456; position: absolute; left: 12.00pt; top: 130.92pt; width: 146.50pt; height: 118.88pt; writing-mode: vertical-rl; text-orientation: sideways;"
        >
          <svg
            height="118.88pt"
            style="overflow: visible; position: absolute; z-index: -1"
            width="146.5pt"
          >
            <path
              d="M 0 0 L 146.5 0 L 146.5 118.88 L 0 118.88 Z"
              fill="#172948"
            />
          </svg>
          <p
            class="docx-viewer-0-p"
            style="text-align: center;"
          >
            <span
              class="docx-viewer-0-r"
              style="font-family: "思源宋体 CN"; color: rgb(47, 84, 150); font-size: 14.00pt;"
            >
              合格证
            </span>
            <span
              class="docx-viewer-0-r"
              style="font-family: "思源宋体 CN"; color: rgb(47, 84, 150); font-size: 14.00pt;"
            >
              9
            </span>
            <span
              class="docx-viewer-0-r"
              style="font-family: "思源宋体 CN"; color: rgb(47, 84, 150); font-size: 14.00pt;"
            >
              0
            </span>
          </p>
        </div>
      </span>
      <span
        class="docx-viewer-0-r"
      >
        <div
          style="z-index: 251659264; position: absolute; left: 209.30pt; top: 21.51pt; width: 146.50pt; height: 118.88pt; writing-mode: vertical-rl; text-orientation: mixed;"
        >
          <svg
            height="118.88pt"
            style="overflow: visible; position: absolute; z-index: -1"
            width="146.5pt"
          >
            <path
              d="M 0 0 L 146.5 0 L 146.5 118.88 L 0 118.88 Z"
              fill="#172948"
            />
          </svg>
          <p
            class="docx-viewer-0-p"
            style="text-align: center;"
          >
            <span
              class="docx-viewer-0-r"
              style="font-family: "思源宋体 CN"; color: rgb(47, 84, 150); font-size: 14.00pt;"
            >
              合格证
            </span>
          </p>
        </div>
      </span>
      <span
        class="docx-viewer-0-r"
      >
        <div
          style="z-index: 251665408; position: absolute; left: 12.00pt; top: 15.35pt; width: 146.51pt; height: 52.74pt;"
        >
          <svg
            height="52.74pt"
            style="overflow: visible; position: absolute; z-index: -1"
            width="146.51pt"
          >
            <path
              d="M 0 0 L 146.51 0 L 146.51 52.74 L 0 52.74 Z"
              fill="#172948"
            />
          </svg>
          <p
            class="docx-viewer-0-p"
            style="text-align: center;"
          >
            <span
              class="docx-viewer-0-r"
              style="font-family: "思源宋体 CN"; color: rgb(47, 84, 150); font-size: 14.00pt;"
            >
              合格证
            </span>
          </p>
        </div>
      </span>
      <span
        class="docx-viewer-0-r"
      >
        <div
          style="z-index: 251663360; position: absolute; left: 12.00pt; top: -56.65pt; width: 146.51pt; height: 52.74pt;"
        >
          <svg
            height="52.74pt"
            style="overflow: visible; position: absolute; z-index: -1"
            width="146.51pt"
          >
            <path
              d="M 0 0 L 146.51 0 L 146.51 52.74 L 0 52.74 Z"
              fill="#172948"
            />
          </svg>
          <p
            class="docx-viewer-0-p"
            style="text-align: center;"
          >
            <span
              class="docx-viewer-0-r"
              style="font-family: "思源宋体 CN"; color: rgb(47, 84, 150); font-size: 14.00pt;"
            >
              合格证
            </span>
          </p>
        </div>
      </span>
      <span
        class="docx-viewer-0-r"
      >
        <div
          style="z-index: 251661312; position: absolute; left: 12.00pt; top: -56.65pt; width: 146.51pt; height: 52.74pt;"
        >
          <svg
            height="52.74pt"
            style="overflow: visible; position: absolute; z-index: -1"
            width="146.51pt"
          >
            <path
              d="M 0 0 L 146.51 0 L 146.51 52.74 L 0 52.74 Z"
              fill="#172948"
            />
          </svg>
          <p
            class="docx-viewer-0-p"
            style="text-align: center;"
          >
            <span
              class="docx-viewer-0-r"
              style="font-family: "思源宋体 CN"; color: rgb(47, 84, 150); font-size: 14.00pt;"
            >
              合格证
            </span>
          </p>
        </div>
      </span>
    </p>
  </section>
</article>
`;
