// Jest Snapshot v1, https://goo.gl/fbAQLP

exports[`textbox-background 1`] = `
<article>
  <section
    style="position: relative; width: 595.30pt; padding: 56.70pt 56.70pt 56.70pt 56.70pt;"
  >
    <p
      class="docx-viewer-0-p"
    >
      <span
        class="docx-viewer-0-r"
      >
        <div
          style="z-index: 251664384; position: absolute; left: 361.80pt; top: -109.20pt; width: 256.50pt; height: 904.50pt;"
        >
          <svg
            height="904.5pt"
            style="overflow: visible; position: absolute; z-index: -1"
            width="256.5pt"
          >
            <path
              d="M 0 0 L 256.5 4.638461538461539 L 256.5 893.6769230769231 L 66 904.5000000000001 L 0 0 Z"
              fill="#F57A15"
            />
          </svg>
        </div>
      </span>
    </p>
  </section>
</article>
`;
