// Jest Snapshot v1, https://goo.gl/fbAQLP

exports[`textbox-rotation 1`] = `
<article>
  <section
    style="position: relative; width: 612.00pt; padding: 72.00pt 72.00pt 72.00pt 72.00pt;"
  >
    <p
      class="docx-viewer-0-p"
    >
      <span
        class="docx-viewer-0-r"
      >
        <div
          style="z-index: 251661312; position: absolute; left: 160.98pt; top: 27.05pt; width: 116.37pt; height: 61.95pt; transform: rotate(90deg);"
        >
          <svg
            height="61.95pt"
            style="overflow: visible; position: absolute; z-index: -1"
            width="116.37pt"
          >
            <path
              d="M 0 0 L 116.37 0 L 116.37 61.95 L 0 61.95 Z"
              fill="#FFFFFF"
            />
          </svg>
          <p
            class="docx-viewer-0-p"
          >
            <span
              class="docx-viewer-0-r"
            >
              Text 
            </span>
            <span
              class="docx-viewer-0-r"
            >
              withou
            </span>
            <span
              class="docx-viewer-0-r"
            >
              t outline
            </span>
          </p>
        </div>
      </span>
    </p>
  </section>
</article>
`;
