// Jest Snapshot v1, https://goo.gl/fbAQLP

exports[`tooltip 1`] = `
<article>
  <section
    style="position: relative; width: 595.00pt; padding: 70.85pt 70.85pt 70.85pt 70.85pt;"
  >
    <p
      class="docx-viewer-0-p docx-viewer-0-Normal docx-viewer-0-Heading1"
    >
      <span
        class="docx-viewer-0-r"
      >
        Is Hope Tip-less?
      </span>
    </p>
    <p
      class="docx-viewer-0-p"
    >
      <span
        class="docx-viewer-0-r"
      >
        Here is a 
      </span>
      <a
        href="http://berjon.com/"
        target="_blank"
        title="tooltip"
      >
        <span
          class="docx-viewer-0-r docx-viewer-0-DefaultParagraphFont docx-viewer-0-Hyperlink"
          style="color: rgb(5, 99, 193); text-decoration: underline;"
        >
          hyperlink with a tooltip
        </span>
      </a>
      <span
        class="docx-viewer-0-r"
      >
        .
      </span>
    </p>
  </section>
</article>
`;
