// Jest Snapshot v1, https://goo.gl/fbAQLP

exports[`w 1`] = `
<article>
  <section
    style="position: relative; width: 612.00pt; padding: 72.00pt 72.00pt 72.00pt 72.00pt;"
  >
    <p
      class="docx-viewer-0-p"
    >
      <span
        class="docx-viewer-0-r"
        style="transform: scaleX(2); display: inline-block;"
      >
        ä¸­
      </span>
    </p>
  </section>
</article>
`;
