// Jest Snapshot v1, https://goo.gl/fbAQLP

exports[`Renderer:hbox 1`] = `
<div>
  <div
    class="a-Panel a-Panel--default a-Panel--form"
  >
    <div
      class="a-Panel-heading"
    >
      <h3
        class="a-Panel-title"
      >
        <span
          class="a-TplField"
        >
          The form
        </span>
      </h3>
    </div>
    <div
      class="a-Panel-body"
    >
      <form
        class="a-Form a-Form--normal"
        novalidate=""
      >
        <div
          class="a-Form-item a-Form-item--normal"
        >
          <div
            class="a-Grid a-Form-control"
          >
            <div
              class="a-Grid-col--md3 bg-white"
            >
              <div
                class="a-Grid-form a-Form--normal"
              >
                <div
                  class="a-Form-item a-Form-item--normal"
                >
                  <div
                    class="a-Form-control a-TextControl"
                  >
                    <div
                      class="a-TextControl-input"
                    >
                      <input
                        autocomplete="off"
                        name="text"
                        placeholder="Text"
                        type="text"
                        value=""
                      />
                    </div>
                  </div>
                </div>
              </div>
            </div>
            <div
              class="a-Grid-col--md9"
            >
              <span
                class="a-TplField"
              >
                其他渲染器类型
              </span>
            </div>
          </div>
        </div>
      </form>
    </div>
  </div>
</div>
`;
