// Jest Snapshot v1, https://goo.gl/fbAQLP

exports[`Renderer:icon-picker 1`] = `
<div>
  <div
    class="a-Panel a-Panel--default a-Panel--form"
  >
    <div
      class="a-Panel-heading"
    >
      <h3
        class="a-Panel-title"
      >
        <span
          class="a-TplField"
        >
          The form
        </span>
      </h3>
    </div>
    <div
      class="a-Panel-body"
    >
      <form
        class="a-Form a-Form--normal"
        novalidate=""
      >
        <div
          class="a-Form-item a-Form-item--normal"
        >
          <label
            class="a-Form-label"
          >
            <span>
              icon-picker
            </span>
          </label>
          <div
            class="a-Form-control a-IconPickerControl"
          >
            <div
              aria-expanded="false"
              aria-haspopup="listbox"
              aria-labelledby="downshift-0-label"
              class="a-IconPickerControl-input a-IconPickerControl-input--withAC"
              role="combobox"
            >
              <div
                class="a-IconPickerControl-valueWrap"
              >
                <div
                  class="a-IconPickerControl-value"
                >
                  <i
                    class="glyphicon glyphicon-plus"
                  />
                  glyphicon glyphicon-plus
                </div>
                <input
                  aria-autocomplete="list"
                  aria-labelledby="downshift-0-label"
                  autocomplete="off"
                  id="downshift-0-input"
                  name="a"
                  value=""
                />
              </div>
            </div>
          </div>
        </div>
      </form>
    </div>
  </div>
</div>
`;
